../Core/Src/main.c:355:6:LCD_Reset	8	static
../Core/Src/main.c:363:6:LCD_SendCommand	16	static
../Core/Src/main.c:371:6:LCD_SendData	16	static
../Core/Src/main.c:379:6:LCD_SetAddressWindow	32	static
../Core/Src/main.c:398:6:LCD_DrawChar	1256	static
../Core/Src/main.c:426:6:LCD_DrawString	40	static
../Core/Src/main.c:434:6:LCD_SetBrightness	16	static
../Core/Src/main.c:440:6:LCD_Init	16	static
../Core/Src/main.c:466:6:LCD_Update	64	static
../Core/Src/main.c:505:6:LCD_Fill	504	static
../Core/Src/main.c:520:6:CANStart	48	static
../Core/Src/main.c:546:6:HAL_UART_TxCpltCallback	16	static
../Core/Src/main.c:552:6:LogData	8	static
../Core/Src/main.c:579:6:getVelocity	8	static
../Core/Src/main.c:589:6:HAL_GPIO_EXTI_Callback	16	static
../Core/Src/main.c:595:6:HAL_CAN_RxFifo0MsgPendingCallback	16	static
../Core/Src/main.c:615:6:HAL_TIM_PeriodElapsedCallback	72	static
../Core/Src/main.c:937:6:HAL_UARTEx_RxEventCallback	24	static
../Core/Src/main.c:989:6:ADC_SetActiveChannel	32	static
../Core/Src/main.c:1005:5:main	8	static
../Core/Src/main.c:1092:6:SystemClock_Config	88	static
../Core/Src/main.c:1145:6:Error_Handler	4	static,ignoring_inline_asm
